

*********************************************************
* ホップ回転数測定                                      *
*       Open CV による画像解析                          *
*********************************************************

画像 P1160085 - P1160089    5枚

-------------------------------------------------------------------------------------------------------

   1 枚目 /   5 枚

filename =  ./bbpict/P1160085.JPG
BB検出数 15  BB平均直径 = 119.3px 
適正BB数 15
傾斜角度: -22.000/3286.0 =  0.384deg
周期時間読取テキスト "150.36"    周期dt = 150.36usec   初速v0 =  79.81m/sec

計算開始
 1   t:    0.00 x:  250 dx:    0 y:  144 r: 59    -83.2deg (   0.0)  total    0.0deg      0.0rps
 2   t:  150.36 x:  482 dx:  232 y:  144 r: 60    -71.6deg (  11.6)  total   11.6deg    214.3rps
 3   t:  300.72 x:  716 dx:  234 y:  144 r: 58    -60.2deg (  11.4)  total   23.0deg    212.5rps
 4   t:  451.08 x:  954 dx:  238 y:  142 r: 58    -48.5deg (  11.7)  total   34.7deg    213.7rps
 5   t:  601.44 x: 1192 dx:  238 y:  140 r: 60    -38.2deg (  10.3)  total   45.0deg    207.8rps
 6   t:  751.80 x: 1424 dx:  232 y:  138 r: 60    -23.2deg (  15.0)  total   60.0deg    221.7rps
 7   t:  902.16 x: 1662 dx:  238 y:  136 r: 60    -12.2deg (  11.0)  total   71.0deg    218.6rps
 8   t: 1052.52 x: 1896 dx:  234 y:  134 r: 60      0.0deg (  12.2)  total   83.2deg    219.6rps
 9   t: 1202.88 x: 2132 dx:  236 y:  132 r: 60     12.0deg (  12.0)  total   95.2deg    219.8rps
10   t: 1353.24 x: 2366 dx:  234 y:  132 r: 60     24.0deg (  12.0)  total  107.2deg    220.0rps
11   t: 1503.60 x: 2600 dx:  234 y:  128 r: 60     35.6deg (  11.6)  total  118.8deg    219.5rps
12   t: 1653.96 x: 2834 dx:  234 y:  128 r: 60     48.6deg (  13.0)  total  131.8deg    221.4rps
13   t: 1804.32 x: 3068 dx:  234 y:  124 r: 61     60.6deg (  12.0)  total  143.8deg    221.4rps
14   t: 1954.68 x: 3304 dx:  236 y:  124 r: 59     71.3deg (  10.7)  total  154.5deg    219.6rps
15   t: 2105.04 x: 3536 dx:  232 y:  122 r: 60     82.6deg (  11.3)  total  165.8deg    218.8rps
コマ間角度変化分の平均値   11.8°
 6コマ目 -   15.0° は異常値のため除外
除外データ数: 1個
直線回帰式 y =  0.0796x   -84.03   y:角度  x:時刻 
ホップ回転数 221.2rps (回帰計算による)
計算完了

-------------------------------------------------------------------------------------------------------

   2 枚目 /   5 枚

filename =  ./bbpict/P1160086.JPG
BB検出数 15  BB平均直径 = 119.7px 
適正BB数 15
傾斜角度: -26.000/3290.0 =  0.453deg
周期時間読取テキスト "150.36"    周期dt = 150.36usec   初速v0 =  79.81m/sec

計算開始
 1   t:    0.00 x:  250 dx:    0 y:  144 r: 59    -81.4deg (   0.0)  total    0.0deg      0.0rps
 2   t:  150.36 x:  482 dx:  232 y:  142 r: 60    -69.5deg (  11.9)  total   11.9deg    219.8rps
 3   t:  300.72 x:  718 dx:  236 y:  140 r: 60    -57.8deg (  11.7)  total   23.6deg    218.0rps
 4   t:  451.08 x:  954 dx:  236 y:  138 r: 60    -46.4deg (  11.4)  total   35.0deg    215.5rps
 5   t:  601.44 x: 1190 dx:  236 y:  138 r: 61    -35.4deg (  11.0)  total   46.0deg    212.5rps
 6   t:  751.80 x: 1426 dx:  236 y:  134 r: 60    -22.9deg (  12.5)  total   58.5deg    216.1rps
 7   t:  902.16 x: 1662 dx:  236 y:  134 r: 61    -11.5deg (  11.4)  total   69.9deg    215.2rps
 8   t: 1052.52 x: 1898 dx:  236 y:  132 r: 60      0.0deg (  11.5)  total   81.4deg    214.8rps
 9   t: 1202.88 x: 2132 dx:  234 y:  128 r: 60     11.6deg (  11.6)  total   93.0deg    214.8rps
10   t: 1353.24 x: 2368 dx:  236 y:  128 r: 60     23.6deg (  12.0)  total  105.0deg    215.5rps
11   t: 1503.60 x: 2602 dx:  234 y:  126 r: 59     34.7deg (  11.1)  total  116.1deg    214.5rps
12   t: 1653.96 x: 2836 dx:  234 y:  126 r: 58     46.0deg (  11.3)  total  127.4deg    214.0rps
13   t: 1804.32 x: 3072 dx:  236 y:  122 r: 60     57.9deg (  11.9)  total  139.3deg    214.5rps
14   t: 1954.68 x: 3306 dx:  234 y:  120 r: 60     69.6deg (  11.7)  total  151.0deg    214.6rps
15   t: 2105.04 x: 3540 dx:  234 y:  118 r: 60     82.8deg (  13.2)  total  164.2deg    216.7rps
コマ間角度変化分の平均値   11.7°
直線回帰式 y =  0.0774x   -81.38   y:角度  x:時刻 
ホップ回転数 215.0rps (回帰計算による)
計算完了

-------------------------------------------------------------------------------------------------------

   3 枚目 /   5 枚

filename =  ./bbpict/P1160087.JPG
BB検出数 15  BB平均直径 = 119.5px 
適正BB数 15
傾斜角度: -24.000/3296.0 =  0.417deg
周期時間読取テキスト "150.30"    周期dt = 150.30usec   初速v0 =  79.84m/sec

計算開始
 1   t:    0.00 x:  250 dx:    0 y:  145 r: 60    -79.6deg (   0.0)  total    0.0deg      0.0rps
 2   t:  150.30 x:  484 dx:  234 y:  143 r: 60    -68.9deg (  10.7)  total   10.7deg    197.8rps
 3   t:  300.60 x:  720 dx:  236 y:  143 r: 60    -57.2deg (  11.7)  total   22.4deg    207.0rps
 4   t:  450.90 x:  958 dx:  238 y:  141 r: 60    -46.0deg (  11.2)  total   33.6deg    207.0rps
 5   t:  601.20 x: 1192 dx:  234 y:  139 r: 60    -34.6deg (  11.4)  total   45.0deg    207.9rps
 6   t:  751.50 x: 1428 dx:  236 y:  137 r: 60    -23.3deg (  11.3)  total   56.3deg    208.1rps
 7   t:  901.80 x: 1664 dx:  236 y:  135 r: 60    -11.9deg (  11.4)  total   67.7deg    208.5rps
 8   t: 1052.10 x: 1902 dx:  238 y:  133 r: 58      0.0deg (  11.9)  total   79.6deg    210.2rps
 9   t: 1202.40 x: 2136 dx:  234 y:  131 r: 60     11.4deg (  11.4)  total   91.0deg    210.2rps
10   t: 1352.70 x: 2372 dx:  236 y:  129 r: 59     23.3deg (  11.9)  total  102.9deg    211.3rps
11   t: 1503.00 x: 2606 dx:  234 y:  129 r: 60     34.6deg (  11.3)  total  114.2deg    211.1rps
12   t: 1653.30 x: 2842 dx:  236 y:  127 r: 60     46.4deg (  11.8)  total  126.0deg    211.7rps
13   t: 1803.60 x: 3074 dx:  232 y:  123 r: 59     58.0deg (  11.6)  total  137.6deg    211.9rps
14   t: 1953.90 x: 3310 dx:  236 y:  121 r: 60     69.5deg (  11.5)  total  149.1deg    212.0rps
15   t: 2104.20 x: 3546 dx:  236 y:  121 r: 60     81.5deg (  12.0)  total  161.1deg    212.7rps
コマ間角度変化分の平均値   11.5°
直線回帰式 y =  0.0767x   -80.48   y:角度  x:時刻 
ホップ回転数 213.1rps (回帰計算による)
計算完了

-------------------------------------------------------------------------------------------------------

   4 枚目 /   5 枚

filename =  ./bbpict/P1160088.JPG
BB検出数 15  BB平均直径 = 119.7px 
適正BB数 15
傾斜角度: -20.000/3296.0 =  0.348deg
周期時間読取テキスト "149.52"    周期dt = 149.52usec   初速v0 =  80.26m/sec

計算開始
 1   t:    0.00 x:  250 dx:    0 y:  144 r: 59    -60.3deg (   0.0)  total    0.0deg      0.0rps
 2   t:  149.52 x:  486 dx:  236 y:  140 r: 60    -38.3deg (  22.0)  total   22.0deg    408.7rps
 3   t:  299.04 x:  722 dx:  236 y:  138 r: 61    -29.2deg (   9.1)  total   31.1deg    288.9rps
 4   t:  448.56 x:  958 dx:  236 y:  138 r: 60    -22.2deg (   7.0)  total   38.1deg    235.9rps
 5   t:  598.08 x: 1194 dx:  236 y:  136 r: 60     -6.1deg (  16.1)  total   54.2deg    251.7rps
 6   t:  747.60 x: 1430 dx:  236 y:  136 r: 60     -1.7deg (   4.4)  total   58.6deg    217.7rps
 7   t:  897.12 x: 1664 dx:  234 y:  134 r: 60     -1.7deg (   0.0)  total   58.6deg    181.4rps
 8   t: 1046.64 x: 1902 dx:  238 y:  132 r: 60      0.0deg (   1.7)  total   60.3deg    160.0rps
 9   t: 1196.16 x: 2136 dx:  234 y:  132 r: 60     12.8deg (  12.8)  total   73.1deg    169.8rps
10   t: 1345.68 x: 2372 dx:  236 y:  130 r: 60     23.4deg (  10.6)  total   83.7deg    172.8rps
11   t: 1495.20 x: 2608 dx:  236 y:  128 r: 61     22.0deg (  -1.4)  total   82.3deg    152.9rps
12   t: 1644.72 x: 2842 dx:  234 y:  128 r: 59     39.1deg (  17.1)  total   99.4deg    167.9rps
13   t: 1794.24 x: 3078 dx:  236 y:  126 r: 59     52.4deg (  13.3)  total  112.7deg    174.5rps
14   t: 1943.76 x: 3310 dx:  232 y:  124 r: 59     71.9deg (  19.5)  total  132.2deg    188.9rps
15   t: 2093.28 x: 3546 dx:  236 y:  124 r: 60     71.9deg (   0.0)  total  132.2deg    175.4rps
コマ間角度変化分の平均値    9.4°
 2コマ目 -   22.0° は異常値のため除外
 4コマ目 -    7.0° は異常値のため除外
 5コマ目 -   16.1° は異常値のため除外
 6コマ目 -    4.4° は異常値のため除外
 7コマ目 -    0.0° は異常値のため除外
 8コマ目 -    1.7° は異常値のため除外
 9コマ目 -   12.8° は異常値のため除外
11コマ目 -   -1.4° は異常値のため除外
12コマ目 -   17.1° は異常値のため除外
***** 読み取り不可 *****
***** 解析範囲を-180〜180度にせばめて再計算します

----- 再計算1回目 角度制限-180〜180° --------------------------------------------
BB検出数 15  BB平均直径 = 119.7px 
適正BB数 15
傾斜角度: -20.000/3296.0 =  0.348deg
周期時間読取テキスト "149.52"    周期dt = 149.52usec   初速v0 =  80.26m/sec

計算開始
 1   t:    0.00 x:  250 dx:    0 y:  144 r: 59    -60.3deg (   0.0)  total    0.0deg      0.0rps
 2   t:  149.52 x:  486 dx:  236 y:  140 r: 60    -38.3deg (  22.0)  total   22.0deg    408.7rps
 3   t:  299.04 x:  722 dx:  236 y:  138 r: 61    -29.2deg (   9.1)  total   31.1deg    288.9rps
 4   t:  448.56 x:  958 dx:  236 y:  138 r: 60    -22.2deg (   7.0)  total   38.1deg    235.9rps
 5   t:  598.08 x: 1194 dx:  236 y:  136 r: 60     -6.1deg (  16.1)  total   54.2deg    251.7rps
 6   t:  747.60 x: 1430 dx:  236 y:  136 r: 60     -1.7deg (   4.4)  total   58.6deg    217.7rps
 7   t:  897.12 x: 1664 dx:  234 y:  134 r: 60     -1.7deg (   0.0)  total   58.6deg    181.4rps
 8   t: 1046.64 x: 1902 dx:  238 y:  132 r: 60      0.0deg (   1.7)  total   60.3deg    160.0rps
 9   t: 1196.16 x: 2136 dx:  234 y:  132 r: 60     12.8deg (  12.8)  total   73.1deg    169.8rps
10   t: 1345.68 x: 2372 dx:  236 y:  130 r: 60     23.4deg (  10.6)  total   83.7deg    172.8rps
11   t: 1495.20 x: 2608 dx:  236 y:  128 r: 61     22.0deg (  -1.4)  total   82.3deg    152.9rps
12   t: 1644.72 x: 2842 dx:  234 y:  128 r: 59     39.1deg (  17.1)  total   99.4deg    167.9rps
13   t: 1794.24 x: 3078 dx:  236 y:  126 r: 59     52.4deg (  13.3)  total  112.7deg    174.5rps
14   t: 1943.76 x: 3310 dx:  232 y:  124 r: 59     71.9deg (  19.5)  total  132.2deg    188.9rps
15   t: 2093.28 x: 3546 dx:  236 y:  124 r: 60     71.9deg (   0.0)  total  132.2deg    175.4rps
コマ間角度変化分の平均値    9.4°
 2コマ目 -   22.0° は異常値のため除外
 4コマ目 -    7.0° は異常値のため除外
 5コマ目 -   16.1° は異常値のため除外
 6コマ目 -    4.4° は異常値のため除外
 7コマ目 -    0.0° は異常値のため除外
 8コマ目 -    1.7° は異常値のため除外
 9コマ目 -   12.8° は異常値のため除外
11コマ目 -   -1.4° は異常値のため除外
12コマ目 -   17.1° は異常値のため除外
***** 読み取り不可 *****
***** 解析範囲を-90〜90度にせばめて再計算します

----- 再計算2回目 角度制限-90〜90° ----------------------------------------------
BB検出数 15  BB平均直径 = 119.7px 
適正BB数 15
傾斜角度: -20.000/3296.0 =  0.348deg
周期時間読取テキスト "149.52"    周期dt = 149.52usec   初速v0 =  80.26m/sec

計算開始
 1   t:    0.00 x:  250 dx:    0 y:  144 r: 59    -60.3deg (   0.0)  total    0.0deg      0.0rps
 2   t:  149.52 x:  486 dx:  236 y:  140 r: 60    -38.3deg (  22.0)  total   22.0deg    408.7rps
 3   t:  299.04 x:  722 dx:  236 y:  138 r: 61    -29.2deg (   9.1)  total   31.1deg    288.9rps
 4   t:  448.56 x:  958 dx:  236 y:  138 r: 60    -22.2deg (   7.0)  total   38.1deg    235.9rps
 5   t:  598.08 x: 1194 dx:  236 y:  136 r: 60     -6.1deg (  16.1)  total   54.2deg    251.7rps
 6   t:  747.60 x: 1430 dx:  236 y:  136 r: 60     -1.7deg (   4.4)  total   58.6deg    217.7rps
 7   t:  897.12 x: 1664 dx:  234 y:  134 r: 60     -1.7deg (   0.0)  total   58.6deg    181.4rps
 8   t: 1046.64 x: 1902 dx:  238 y:  132 r: 60      0.0deg (   1.7)  total   60.3deg    160.0rps
 9   t: 1196.16 x: 2136 dx:  234 y:  132 r: 60     12.8deg (  12.8)  total   73.1deg    169.8rps
10   t: 1345.68 x: 2372 dx:  236 y:  130 r: 60     23.4deg (  10.6)  total   83.7deg    172.8rps
11   t: 1495.20 x: 2608 dx:  236 y:  128 r: 61     22.0deg (  -1.4)  total   82.3deg    152.9rps
12   t: 1644.72 x: 2842 dx:  234 y:  128 r: 59     39.1deg (  17.1)  total   99.4deg    167.9rps
13   t: 1794.24 x: 3078 dx:  236 y:  126 r: 59     52.4deg (  13.3)  total  112.7deg    174.5rps
14   t: 1943.76 x: 3310 dx:  232 y:  124 r: 59     71.9deg (  19.5)  total  132.2deg    188.9rps
15   t: 2093.28 x: 3546 dx:  236 y:  124 r: 60     71.9deg (   0.0)  total  132.2deg    175.4rps
コマ間角度変化分の平均値    9.4°
 2コマ目 -   22.0° は異常値のため除外
 4コマ目 -    7.0° は異常値のため除外
 5コマ目 -   16.1° は異常値のため除外
 6コマ目 -    4.4° は異常値のため除外
 7コマ目 -    0.0° は異常値のため除外
 8コマ目 -    1.7° は異常値のため除外
 9コマ目 -   12.8° は異常値のため除外
11コマ目 -   -1.4° は異常値のため除外
12コマ目 -   17.1° は異常値のため除外
***** 読み取り不可 *****

-------------------------------------------------------------------------------------------------------

   5 枚目 /   5 枚

filename =  ./bbpict/P1160089.JPG
BB検出数 15  BB平均直径 = 120.3px 
適正BB数 15
傾斜角度: -22.000/3296.0 =  0.382deg
周期時間読取テキスト "149.87"    周期dt = 149.87usec   初速v0 =  80.07m/sec

計算開始
 1   t:    0.00 x:  250 dx:    0 y:  145 r: 60    -78.8deg (   0.0)  total    0.0deg      0.0rps
 2   t:  149.87 x:  486 dx:  236 y:  145 r: 61    -65.8deg (  13.0)  total   13.0deg    240.9rps
 3   t:  299.74 x:  722 dx:  236 y:  143 r: 60    -55.4deg (  10.4)  total   23.4deg    216.9rps
 4   t:  449.61 x:  958 dx:  236 y:  141 r: 61    -45.0deg (  10.4)  total   33.8deg    208.8rps
 5   t:  599.48 x: 1194 dx:  236 y:  139 r: 60    -34.3deg (  10.7)  total   44.5deg    206.2rps
 6   t:  749.35 x: 1428 dx:  234 y:  137 r: 61    -22.1deg (  12.2)  total   56.7deg    210.2rps
 7   t:  899.22 x: 1666 dx:  238 y:  135 r: 59    -12.0deg (  10.1)  total   66.8deg    206.4rps
 8   t: 1049.09 x: 1900 dx:  234 y:  133 r: 61      0.0deg (  12.0)  total   78.8deg    208.6rps
 9   t: 1198.96 x: 2136 dx:  236 y:  133 r: 60     11.5deg (  11.5)  total   90.3deg    209.2rps
10   t: 1348.83 x: 2370 dx:  234 y:  133 r: 61     23.8deg (  12.3)  total  102.6deg    211.3rps
11   t: 1498.70 x: 2606 dx:  236 y:  131 r: 60     35.2deg (  11.4)  total  114.0deg    211.3rps
12   t: 1648.57 x: 2842 dx:  236 y:  129 r: 60     46.6deg (  11.4)  total  125.4deg    211.3rps
13   t: 1798.44 x: 3078 dx:  236 y:  127 r: 58     57.3deg (  10.7)  total  136.1deg    210.2rps
14   t: 1948.31 x: 3310 dx:  232 y:  125 r: 60     66.9deg (   9.6)  total  145.7deg    207.7rps
15   t: 2098.18 x: 3546 dx:  236 y:  123 r: 60     76.8deg (   9.9)  total  155.6deg    206.0rps
コマ間角度変化分の平均値   11.1°
直線回帰式 y =  0.0748x   -78.16   y:角度  x:時刻 
ホップ回転数 207.8rps (回帰計算による)
計算完了

-----------------------------------------------------------------------------------------------
解析画像を.JPGファイルにセーブしました。
回転アニメを.gifァイルにセーブしました。
測定データ一覧表を.csvファイルにセーブしました。
Complete

